// Jest Snapshot v1, https://goo.gl/fbAQLP

exports[`SGW_Map renders without crashing (snapshot) 1`] = `
<View
  style={
    {
      "flex": 1,
    }
  }
>
  <MapView
    initialRegion={
      {
        "latitude": 45.497222,
        "latitudeDelta": 0.02,
        "longitude": -73.579056,
        "longitudeDelta": 0.02,
      }
    }
    provider="PROVIDER_GOOGLE"
    showsUserLocation={true}
    style={
      {
        "bottom": 0,
        "left": 0,
        "position": "absolute",
        "right": 0,
        "top": 0,
      }
    }
  >
    <Polygon
      coordinates={
        [
          {
            "latitude": 1,
            "longitude": 1,
          },
        ]
      }
      fillColor="red"
      onPress={[Function]}
      strokeColor="black"
      strokeWidth={2}
      tappable={true}
      testID="polygon-0"
    />
    <Polygon
      coordinates={
        [
          {
            "latitude": 2,
            "longitude": 2,
          },
        ]
      }
      fillColor="blue"
      onPress={[Function]}
      strokeColor="black"
      strokeWidth={2}
      tappable={true}
      testID="polygon-1"
    />
  </MapView>
  <View
    style={
      {
        "left": 10,
        "position": "absolute",
        "right": 10,
        "top": 40,
        "zIndex": 1,
      }
    }
  >
    <View
      style={
        [
          {
            "position": "relative",
            "width": "100%",
            "zIndex": 1,
          },
          {
            "elevation": 5,
            "shadowColor": "#000",
            "shadowOffset": {
              "height": 2,
              "width": 0,
            },
            "shadowOpacity": 0.25,
            "shadowRadius": 3.84,
          },
        ]
      }
    >
      <TextInput
        onChangeText={[Function]}
        placeholder="Search buildings..."
        placeholderTextColor="#666"
        style={
          {
            "backgroundColor": "white",
            "borderColor": "#ddd",
            "borderRadius": 8,
            "borderWidth": 1,
            "fontSize": 16,
            "height": 50,
            "marginTop": 20,
            "paddingHorizontal": 12,
          }
        }
        value=""
      />
    </View>
  </View>
  <View
    accessibilityState={
      {
        "busy": undefined,
        "checked": undefined,
        "disabled": undefined,
        "expanded": undefined,
        "selected": undefined,
      }
    }
    accessibilityValue={
      {
        "max": undefined,
        "min": undefined,
        "now": undefined,
        "text": undefined,
      }
    }
    accessible={true}
    collapsable={false}
    focusable={true}
    onClick={[Function]}
    onResponderGrant={[Function]}
    onResponderMove={[Function]}
    onResponderRelease={[Function]}
    onResponderTerminate={[Function]}
    onResponderTerminationRequest={[Function]}
    onStartShouldSetResponder={[Function]}
    style={
      {
        "backgroundColor": "#912338",
        "borderRadius": 5,
        "bottom": 80,
        "left": "50%",
        "opacity": 1,
        "padding": 10,
        "position": "absolute",
        "transform": [
          {
            "translateX": -75,
          },
        ],
        "zIndex": 1,
      }
    }
  >
    <Text
      style={
        {
          "color": "white",
          "fontSize": 14,
          "fontWeight": "bold",
        }
      }
    >
      Hide My Location
    </Text>
  </View>
</View>
`;
